ARM GAS  C:\Users\DADSPC~1\AppData\Local\Temp\ccNN0ilo.s 			page 1


   1              		.syntax unified
   2              		.cpu cortex-m0plus
   3              		.fpu softvfp
   4              		.eabi_attribute 20, 1
   5              		.eabi_attribute 21, 1
   6              		.eabi_attribute 23, 3
   7              		.eabi_attribute 24, 1
   8              		.eabi_attribute 25, 1
   9              		.eabi_attribute 26, 1
  10              		.eabi_attribute 30, 1
  11              		.eabi_attribute 34, 0
  12              		.eabi_attribute 18, 4
  13              		.thumb
  14              		.syntax unified
  15              		.file	"cyfitter_cfg.c"
  16              		.text
  17              	.Ltext0:
  18              		.cfi_sections	.debug_frame
  19              		.section	.text.AnalogSetDefault,"ax",%progbits
  20              		.align	2
  21              		.code	16
  22              		.thumb_func
  23              		.type	AnalogSetDefault, %function
  24              	AnalogSetDefault:
  25              	.LFB5:
  26              		.file 1 "Generated_Source\\PSoC4\\cyfitter_cfg.c"
   1:Generated_Source\PSoC4/cyfitter_cfg.c **** 
   2:Generated_Source\PSoC4/cyfitter_cfg.c **** /*******************************************************************************
   3:Generated_Source\PSoC4/cyfitter_cfg.c **** * File Name: cyfitter_cfg.c
   4:Generated_Source\PSoC4/cyfitter_cfg.c **** * 
   5:Generated_Source\PSoC4/cyfitter_cfg.c **** * PSoC Creator  4.4
   6:Generated_Source\PSoC4/cyfitter_cfg.c **** *
   7:Generated_Source\PSoC4/cyfitter_cfg.c **** * Description:
   8:Generated_Source\PSoC4/cyfitter_cfg.c **** * This file contains device initialization code.
   9:Generated_Source\PSoC4/cyfitter_cfg.c **** * Except for the user defined sections in CyClockStartupError(), this file should not be modified.
  10:Generated_Source\PSoC4/cyfitter_cfg.c **** * This file is automatically generated by PSoC Creator.
  11:Generated_Source\PSoC4/cyfitter_cfg.c **** *
  12:Generated_Source\PSoC4/cyfitter_cfg.c **** ********************************************************************************
  13:Generated_Source\PSoC4/cyfitter_cfg.c **** * Copyright (c) 2007-2020 Cypress Semiconductor.  All rights reserved.
  14:Generated_Source\PSoC4/cyfitter_cfg.c **** * You may use this file only in accordance with the license, terms, conditions, 
  15:Generated_Source\PSoC4/cyfitter_cfg.c **** * disclaimers, and limitations in the end user license agreement accompanying 
  16:Generated_Source\PSoC4/cyfitter_cfg.c **** * the software package with which this file was provided.
  17:Generated_Source\PSoC4/cyfitter_cfg.c **** ********************************************************************************/
  18:Generated_Source\PSoC4/cyfitter_cfg.c **** 
  19:Generated_Source\PSoC4/cyfitter_cfg.c **** #include <string.h>
  20:Generated_Source\PSoC4/cyfitter_cfg.c **** #include "cytypes.h"
  21:Generated_Source\PSoC4/cyfitter_cfg.c **** #include "cydevice_trm.h"
  22:Generated_Source\PSoC4/cyfitter_cfg.c **** #include "cyfitter.h"
  23:Generated_Source\PSoC4/cyfitter_cfg.c **** #include "CyLib.h"
  24:Generated_Source\PSoC4/cyfitter_cfg.c **** #include "CyLFClk.h"
  25:Generated_Source\PSoC4/cyfitter_cfg.c **** #include "cyfitter_cfg.h"
  26:Generated_Source\PSoC4/cyfitter_cfg.c **** #include "cyapicallbacks.h"
  27:Generated_Source\PSoC4/cyfitter_cfg.c **** 
  28:Generated_Source\PSoC4/cyfitter_cfg.c **** 
  29:Generated_Source\PSoC4/cyfitter_cfg.c **** #if defined(__GNUC__) || defined(__ARMCC_VERSION)
  30:Generated_Source\PSoC4/cyfitter_cfg.c ****     #define CYPACKED 
  31:Generated_Source\PSoC4/cyfitter_cfg.c ****     #define CYPACKED_ATTR __attribute__ ((packed))
ARM GAS  C:\Users\DADSPC~1\AppData\Local\Temp\ccNN0ilo.s 			page 2


  32:Generated_Source\PSoC4/cyfitter_cfg.c ****     #define CYALIGNED __attribute__ ((aligned))
  33:Generated_Source\PSoC4/cyfitter_cfg.c ****     #define CY_CFG_UNUSED __attribute__ ((unused))
  34:Generated_Source\PSoC4/cyfitter_cfg.c ****     #ifndef CY_CFG_SECTION
  35:Generated_Source\PSoC4/cyfitter_cfg.c ****         #define CY_CFG_SECTION __attribute__ ((section(".psocinit")))
  36:Generated_Source\PSoC4/cyfitter_cfg.c ****     #endif
  37:Generated_Source\PSoC4/cyfitter_cfg.c ****     
  38:Generated_Source\PSoC4/cyfitter_cfg.c ****     #if defined(__ARMCC_VERSION)
  39:Generated_Source\PSoC4/cyfitter_cfg.c ****         #define CY_CFG_MEMORY_BARRIER() __memory_changed()
  40:Generated_Source\PSoC4/cyfitter_cfg.c ****     #else
  41:Generated_Source\PSoC4/cyfitter_cfg.c ****         #define CY_CFG_MEMORY_BARRIER() __sync_synchronize()
  42:Generated_Source\PSoC4/cyfitter_cfg.c ****     #endif
  43:Generated_Source\PSoC4/cyfitter_cfg.c ****     
  44:Generated_Source\PSoC4/cyfitter_cfg.c **** #elif defined(__ICCARM__)
  45:Generated_Source\PSoC4/cyfitter_cfg.c ****     #include <intrinsics.h>
  46:Generated_Source\PSoC4/cyfitter_cfg.c **** 
  47:Generated_Source\PSoC4/cyfitter_cfg.c ****     #define CYPACKED __packed
  48:Generated_Source\PSoC4/cyfitter_cfg.c ****     #define CYPACKED_ATTR 
  49:Generated_Source\PSoC4/cyfitter_cfg.c ****     #define CYALIGNED _Pragma("data_alignment=4")
  50:Generated_Source\PSoC4/cyfitter_cfg.c ****     #define CY_CFG_UNUSED _Pragma("diag_suppress=Pe177")
  51:Generated_Source\PSoC4/cyfitter_cfg.c ****     #define CY_CFG_SECTION _Pragma("location=\".psocinit\"")
  52:Generated_Source\PSoC4/cyfitter_cfg.c ****     
  53:Generated_Source\PSoC4/cyfitter_cfg.c ****     #define CY_CFG_MEMORY_BARRIER() __DMB()
  54:Generated_Source\PSoC4/cyfitter_cfg.c ****     
  55:Generated_Source\PSoC4/cyfitter_cfg.c **** #else
  56:Generated_Source\PSoC4/cyfitter_cfg.c ****     #error Unsupported toolchain
  57:Generated_Source\PSoC4/cyfitter_cfg.c **** #endif
  58:Generated_Source\PSoC4/cyfitter_cfg.c **** 
  59:Generated_Source\PSoC4/cyfitter_cfg.c **** #ifndef CYCODE
  60:Generated_Source\PSoC4/cyfitter_cfg.c ****     #define CYCODE
  61:Generated_Source\PSoC4/cyfitter_cfg.c **** #endif
  62:Generated_Source\PSoC4/cyfitter_cfg.c **** #ifndef CYDATA
  63:Generated_Source\PSoC4/cyfitter_cfg.c ****     #define CYDATA
  64:Generated_Source\PSoC4/cyfitter_cfg.c **** #endif
  65:Generated_Source\PSoC4/cyfitter_cfg.c **** #ifndef CYFAR
  66:Generated_Source\PSoC4/cyfitter_cfg.c ****     #define CYFAR
  67:Generated_Source\PSoC4/cyfitter_cfg.c **** #endif
  68:Generated_Source\PSoC4/cyfitter_cfg.c **** #ifndef CYXDATA
  69:Generated_Source\PSoC4/cyfitter_cfg.c ****     #define CYXDATA
  70:Generated_Source\PSoC4/cyfitter_cfg.c **** #endif
  71:Generated_Source\PSoC4/cyfitter_cfg.c **** 
  72:Generated_Source\PSoC4/cyfitter_cfg.c **** 
  73:Generated_Source\PSoC4/cyfitter_cfg.c **** CY_CFG_UNUSED
  74:Generated_Source\PSoC4/cyfitter_cfg.c **** static void CYMEMZERO(void *s, size_t n);
  75:Generated_Source\PSoC4/cyfitter_cfg.c **** CY_CFG_UNUSED
  76:Generated_Source\PSoC4/cyfitter_cfg.c **** static void CYMEMZERO(void *s, size_t n)
  77:Generated_Source\PSoC4/cyfitter_cfg.c **** {
  78:Generated_Source\PSoC4/cyfitter_cfg.c **** 	(void)memset(s, 0, n);
  79:Generated_Source\PSoC4/cyfitter_cfg.c **** }
  80:Generated_Source\PSoC4/cyfitter_cfg.c **** CY_CFG_UNUSED
  81:Generated_Source\PSoC4/cyfitter_cfg.c **** static void CYCONFIGCPY(void *dest, const void *src, size_t n);
  82:Generated_Source\PSoC4/cyfitter_cfg.c **** CY_CFG_UNUSED
  83:Generated_Source\PSoC4/cyfitter_cfg.c **** static void CYCONFIGCPY(void *dest, const void *src, size_t n)
  84:Generated_Source\PSoC4/cyfitter_cfg.c **** {
  85:Generated_Source\PSoC4/cyfitter_cfg.c **** 	(void)memcpy(dest, src, n);
  86:Generated_Source\PSoC4/cyfitter_cfg.c **** }
  87:Generated_Source\PSoC4/cyfitter_cfg.c **** CY_CFG_UNUSED
  88:Generated_Source\PSoC4/cyfitter_cfg.c **** static void CYCONFIGCPYCODE(void *dest, const void *src, size_t n);
ARM GAS  C:\Users\DADSPC~1\AppData\Local\Temp\ccNN0ilo.s 			page 3


  89:Generated_Source\PSoC4/cyfitter_cfg.c **** CY_CFG_UNUSED
  90:Generated_Source\PSoC4/cyfitter_cfg.c **** static void CYCONFIGCPYCODE(void *dest, const void *src, size_t n)
  91:Generated_Source\PSoC4/cyfitter_cfg.c **** {
  92:Generated_Source\PSoC4/cyfitter_cfg.c **** 	(void)memcpy(dest, src, n);
  93:Generated_Source\PSoC4/cyfitter_cfg.c **** }
  94:Generated_Source\PSoC4/cyfitter_cfg.c **** 
  95:Generated_Source\PSoC4/cyfitter_cfg.c **** 
  96:Generated_Source\PSoC4/cyfitter_cfg.c **** 
  97:Generated_Source\PSoC4/cyfitter_cfg.c **** 
  98:Generated_Source\PSoC4/cyfitter_cfg.c **** /* Clock startup error codes                                                   */
  99:Generated_Source\PSoC4/cyfitter_cfg.c **** #define CYCLOCKSTART_NO_ERROR    0u
 100:Generated_Source\PSoC4/cyfitter_cfg.c **** #define CYCLOCKSTART_XTAL_ERROR  1u
 101:Generated_Source\PSoC4/cyfitter_cfg.c **** #define CYCLOCKSTART_32KHZ_ERROR 2u
 102:Generated_Source\PSoC4/cyfitter_cfg.c **** #define CYCLOCKSTART_PLL_ERROR   3u
 103:Generated_Source\PSoC4/cyfitter_cfg.c **** #define CYCLOCKSTART_FLL_ERROR   4u
 104:Generated_Source\PSoC4/cyfitter_cfg.c **** #define CYCLOCKSTART_WCO_ERROR   5u
 105:Generated_Source\PSoC4/cyfitter_cfg.c **** 
 106:Generated_Source\PSoC4/cyfitter_cfg.c **** 
 107:Generated_Source\PSoC4/cyfitter_cfg.c **** #ifdef CY_NEED_CYCLOCKSTARTUPERROR
 108:Generated_Source\PSoC4/cyfitter_cfg.c **** /*******************************************************************************
 109:Generated_Source\PSoC4/cyfitter_cfg.c **** * Function Name: CyClockStartupError
 110:Generated_Source\PSoC4/cyfitter_cfg.c **** ********************************************************************************
 111:Generated_Source\PSoC4/cyfitter_cfg.c **** * Summary:
 112:Generated_Source\PSoC4/cyfitter_cfg.c **** *  If an error is encountered during clock configuration (crystal startup error,
 113:Generated_Source\PSoC4/cyfitter_cfg.c **** *  PLL lock error, etc.), the system will end up here.  Unless reimplemented by
 114:Generated_Source\PSoC4/cyfitter_cfg.c **** *  the customer, this function will stop in an infinite loop.
 115:Generated_Source\PSoC4/cyfitter_cfg.c **** *
 116:Generated_Source\PSoC4/cyfitter_cfg.c **** * Parameters:
 117:Generated_Source\PSoC4/cyfitter_cfg.c **** *   void
 118:Generated_Source\PSoC4/cyfitter_cfg.c **** *
 119:Generated_Source\PSoC4/cyfitter_cfg.c **** * Return:
 120:Generated_Source\PSoC4/cyfitter_cfg.c **** *   void
 121:Generated_Source\PSoC4/cyfitter_cfg.c **** *
 122:Generated_Source\PSoC4/cyfitter_cfg.c **** *******************************************************************************/
 123:Generated_Source\PSoC4/cyfitter_cfg.c **** CY_CFG_UNUSED
 124:Generated_Source\PSoC4/cyfitter_cfg.c **** static void CyClockStartupError(uint8 errorCode);
 125:Generated_Source\PSoC4/cyfitter_cfg.c **** CY_CFG_UNUSED
 126:Generated_Source\PSoC4/cyfitter_cfg.c **** static void CyClockStartupError(uint8 errorCode)
 127:Generated_Source\PSoC4/cyfitter_cfg.c **** {
 128:Generated_Source\PSoC4/cyfitter_cfg.c ****     /* To remove the compiler warning if errorCode not used.                */
 129:Generated_Source\PSoC4/cyfitter_cfg.c ****     errorCode = errorCode;
 130:Generated_Source\PSoC4/cyfitter_cfg.c **** 
 131:Generated_Source\PSoC4/cyfitter_cfg.c ****     /* If we have a clock startup error (bad MHz crystal, PLL lock, etc.),  */
 132:Generated_Source\PSoC4/cyfitter_cfg.c ****     /* we will end up here to allow the customer to implement something to  */
 133:Generated_Source\PSoC4/cyfitter_cfg.c ****     /* deal with the clock condition.                                       */
 134:Generated_Source\PSoC4/cyfitter_cfg.c **** 
 135:Generated_Source\PSoC4/cyfitter_cfg.c **** #ifdef CY_CFG_CLOCK_STARTUP_ERROR_CALLBACK
 136:Generated_Source\PSoC4/cyfitter_cfg.c ****     CY_CFG_Clock_Startup_ErrorCallback();
 137:Generated_Source\PSoC4/cyfitter_cfg.c **** #else
 138:Generated_Source\PSoC4/cyfitter_cfg.c ****     /*  If not using CY_CFG_CLOCK_STARTUP_ERROR_CALLBACK, place your clock startup code here. */
 139:Generated_Source\PSoC4/cyfitter_cfg.c ****     /* `#START CyClockStartupError` */
 140:Generated_Source\PSoC4/cyfitter_cfg.c **** 
 141:Generated_Source\PSoC4/cyfitter_cfg.c **** 
 142:Generated_Source\PSoC4/cyfitter_cfg.c **** 
 143:Generated_Source\PSoC4/cyfitter_cfg.c ****     /* `#END` */
 144:Generated_Source\PSoC4/cyfitter_cfg.c **** 
 145:Generated_Source\PSoC4/cyfitter_cfg.c ****     while(1) {}
ARM GAS  C:\Users\DADSPC~1\AppData\Local\Temp\ccNN0ilo.s 			page 4


 146:Generated_Source\PSoC4/cyfitter_cfg.c **** #endif /* CY_CFG_CLOCK_STARTUP_ERROR_CALLBACK */
 147:Generated_Source\PSoC4/cyfitter_cfg.c **** }
 148:Generated_Source\PSoC4/cyfitter_cfg.c **** #endif
 149:Generated_Source\PSoC4/cyfitter_cfg.c **** 
 150:Generated_Source\PSoC4/cyfitter_cfg.c **** 
 151:Generated_Source\PSoC4/cyfitter_cfg.c **** 
 152:Generated_Source\PSoC4/cyfitter_cfg.c **** /*******************************************************************************
 153:Generated_Source\PSoC4/cyfitter_cfg.c **** * Function Name: ClockSetup
 154:Generated_Source\PSoC4/cyfitter_cfg.c **** ********************************************************************************
 155:Generated_Source\PSoC4/cyfitter_cfg.c **** *
 156:Generated_Source\PSoC4/cyfitter_cfg.c **** * Summary:
 157:Generated_Source\PSoC4/cyfitter_cfg.c **** *   Performs the initialization of all of the clocks in the device based on the
 158:Generated_Source\PSoC4/cyfitter_cfg.c **** *   settings in the Clock tab of the DWR.  This includes enabling the requested
 159:Generated_Source\PSoC4/cyfitter_cfg.c **** *   clocks and setting the necessary dividers to produce the desired frequency. 
 160:Generated_Source\PSoC4/cyfitter_cfg.c **** *
 161:Generated_Source\PSoC4/cyfitter_cfg.c **** * Parameters:
 162:Generated_Source\PSoC4/cyfitter_cfg.c **** *   void
 163:Generated_Source\PSoC4/cyfitter_cfg.c **** *
 164:Generated_Source\PSoC4/cyfitter_cfg.c **** * Return:
 165:Generated_Source\PSoC4/cyfitter_cfg.c **** *   void
 166:Generated_Source\PSoC4/cyfitter_cfg.c **** *
 167:Generated_Source\PSoC4/cyfitter_cfg.c **** *******************************************************************************/
 168:Generated_Source\PSoC4/cyfitter_cfg.c **** static void ClockSetup(void);
 169:Generated_Source\PSoC4/cyfitter_cfg.c **** CY_CFG_SECTION
 170:Generated_Source\PSoC4/cyfitter_cfg.c **** static void ClockSetup(void)
 171:Generated_Source\PSoC4/cyfitter_cfg.c **** {
 172:Generated_Source\PSoC4/cyfitter_cfg.c **** 
 173:Generated_Source\PSoC4/cyfitter_cfg.c **** 	/* Set Flash Cycles based on max possible frequency in case a glitch occurs during ClockSetup(). *
 174:Generated_Source\PSoC4/cyfitter_cfg.c **** 	CY_SET_REG32((void CYXDATA *)(CYREG_CPUSS_FLASH_CTL), (0x0012u));
 175:Generated_Source\PSoC4/cyfitter_cfg.c **** 	/* Update IMO to new clock speed. */
 176:Generated_Source\PSoC4/cyfitter_cfg.c **** 	CySysClkWriteImoFreq(24u);
 177:Generated_Source\PSoC4/cyfitter_cfg.c **** 
 178:Generated_Source\PSoC4/cyfitter_cfg.c **** 	/* Setup phase aligned clocks */
 179:Generated_Source\PSoC4/cyfitter_cfg.c **** 	CY_SET_REG32((void *)CYREG_PERI_DIV_16_CTL2, 0x00001000u);
 180:Generated_Source\PSoC4/cyfitter_cfg.c **** 	CY_SET_REG32((void *)CYREG_PERI_DIV_CMD, 0x8000FF42u);
 181:Generated_Source\PSoC4/cyfitter_cfg.c **** 	CY_SET_REG32((void *)CYREG_PERI_DIV_16_CTL0, 0x00000100u);
 182:Generated_Source\PSoC4/cyfitter_cfg.c **** 	CY_SET_REG32((void *)CYREG_PERI_DIV_CMD, 0x8000FF40u);
 183:Generated_Source\PSoC4/cyfitter_cfg.c **** 	CY_SET_REG32((void *)CYREG_PERI_DIV_16_CTL1, 0x00000E00u);
 184:Generated_Source\PSoC4/cyfitter_cfg.c **** 	CY_SET_REG32((void *)CYREG_PERI_DIV_CMD, 0x8000FF41u);
 185:Generated_Source\PSoC4/cyfitter_cfg.c **** 
 186:Generated_Source\PSoC4/cyfitter_cfg.c **** 	/* CYDEV_CLK_SELECT Starting address: CYDEV_CLK_SELECT */
 187:Generated_Source\PSoC4/cyfitter_cfg.c **** 	CY_SET_REG32((void *)(CYREG_CLK_SELECT), 0x00000000u);
 188:Generated_Source\PSoC4/cyfitter_cfg.c **** 
 189:Generated_Source\PSoC4/cyfitter_cfg.c **** 	/* CYDEV_PERI_PCLK_CTL2 Starting address: CYDEV_PERI_PCLK_CTL2 */
 190:Generated_Source\PSoC4/cyfitter_cfg.c **** 	CY_SET_REG32((void *)(CYREG_PERI_PCLK_CTL2), 0x00000042u);
 191:Generated_Source\PSoC4/cyfitter_cfg.c **** 
 192:Generated_Source\PSoC4/cyfitter_cfg.c **** 	/* CYDEV_PERI_PCLK_CTL1 Starting address: CYDEV_PERI_PCLK_CTL1 */
 193:Generated_Source\PSoC4/cyfitter_cfg.c **** 	CY_SET_REG32((void *)(CYREG_PERI_PCLK_CTL1), 0x00000040u);
 194:Generated_Source\PSoC4/cyfitter_cfg.c **** 
 195:Generated_Source\PSoC4/cyfitter_cfg.c **** 	/* CYDEV_PERI_PCLK_CTL0 Starting address: CYDEV_PERI_PCLK_CTL0 */
 196:Generated_Source\PSoC4/cyfitter_cfg.c **** 	CY_SET_REG32((void *)(CYREG_PERI_PCLK_CTL0), 0x00000041u);
 197:Generated_Source\PSoC4/cyfitter_cfg.c **** 
 198:Generated_Source\PSoC4/cyfitter_cfg.c **** 	(void)CyIntSetVector(13u, &CySysTimerIsr);
 199:Generated_Source\PSoC4/cyfitter_cfg.c **** 	CyIntEnable(13u);
 200:Generated_Source\PSoC4/cyfitter_cfg.c **** 	CY_SET_REG32((void *)(CYREG_WCO_WDT_CONFIG), 0x00000000u);
 201:Generated_Source\PSoC4/cyfitter_cfg.c **** 	CySysClkSetTimerSource(CY_SYS_CLK_TIMER_SRC_ILO);
 202:Generated_Source\PSoC4/cyfitter_cfg.c **** 	/* Set Flash Cycles based on newly configured 24.00MHz HFCLK. */
ARM GAS  C:\Users\DADSPC~1\AppData\Local\Temp\ccNN0ilo.s 			page 5


 203:Generated_Source\PSoC4/cyfitter_cfg.c **** 	CY_SET_REG32((void CYXDATA *)(CYREG_CPUSS_FLASH_CTL), (0x0011u));
 204:Generated_Source\PSoC4/cyfitter_cfg.c **** }
 205:Generated_Source\PSoC4/cyfitter_cfg.c **** 
 206:Generated_Source\PSoC4/cyfitter_cfg.c **** 
 207:Generated_Source\PSoC4/cyfitter_cfg.c **** /* Analog API Functions */
 208:Generated_Source\PSoC4/cyfitter_cfg.c **** 
 209:Generated_Source\PSoC4/cyfitter_cfg.c **** 
 210:Generated_Source\PSoC4/cyfitter_cfg.c **** /*******************************************************************************
 211:Generated_Source\PSoC4/cyfitter_cfg.c **** * Function Name: AnalogSetDefault
 212:Generated_Source\PSoC4/cyfitter_cfg.c **** ********************************************************************************
 213:Generated_Source\PSoC4/cyfitter_cfg.c **** *
 214:Generated_Source\PSoC4/cyfitter_cfg.c **** * Summary:
 215:Generated_Source\PSoC4/cyfitter_cfg.c **** *  Sets up the analog portions of the chip to default values based on chip
 216:Generated_Source\PSoC4/cyfitter_cfg.c **** *  configuration options from the project.
 217:Generated_Source\PSoC4/cyfitter_cfg.c **** *
 218:Generated_Source\PSoC4/cyfitter_cfg.c **** * Parameters:
 219:Generated_Source\PSoC4/cyfitter_cfg.c **** *  void
 220:Generated_Source\PSoC4/cyfitter_cfg.c **** *
 221:Generated_Source\PSoC4/cyfitter_cfg.c **** * Return:
 222:Generated_Source\PSoC4/cyfitter_cfg.c **** *  void
 223:Generated_Source\PSoC4/cyfitter_cfg.c **** *
 224:Generated_Source\PSoC4/cyfitter_cfg.c **** *******************************************************************************/
 225:Generated_Source\PSoC4/cyfitter_cfg.c **** static void AnalogSetDefault(void);
 226:Generated_Source\PSoC4/cyfitter_cfg.c **** static void AnalogSetDefault(void)
 227:Generated_Source\PSoC4/cyfitter_cfg.c **** {
  27              		.loc 1 227 0
  28              		.cfi_startproc
  29              		@ args = 0, pretend = 0, frame = 0
  30              		@ frame_needed = 0, uses_anonymous_args = 0
  31              		@ link register save eliminated.
 228:Generated_Source\PSoC4/cyfitter_cfg.c **** 	CY_SET_XTND_REG32((void CYFAR *)CYREG_CTBM0_DFT_CTRL, 0x00000003u);
  32              		.loc 1 228 0
  33 0000 0322     		movs	r2, #3
  34 0002 034B     		ldr	r3, .L2
  35 0004 1A60     		str	r2, [r3]
 229:Generated_Source\PSoC4/cyfitter_cfg.c **** 	CY_SET_XTND_REG32((void CYFAR *)CYREG_PASS_DSAB_DSAB_CTRL, 0x00000020u);
  36              		.loc 1 229 0
  37 0006 1D32     		adds	r2, r2, #29
  38 0008 024B     		ldr	r3, .L2+4
  39 000a 1A60     		str	r2, [r3]
 230:Generated_Source\PSoC4/cyfitter_cfg.c **** }
  40              		.loc 1 230 0
  41              		@ sp needed
  42 000c 7047     		bx	lr
  43              	.L3:
  44 000e C046     		.align	2
  45              	.L2:
  46 0010 30003040 		.word	1076887600
  47 0014 000E3F40 		.word	1077874176
  48              		.cfi_endproc
  49              	.LFE5:
  50              		.size	AnalogSetDefault, .-AnalogSetDefault
  51              		.section	.psocinit,"ax",%progbits
  52              		.align	2
  53              		.code	16
  54              		.thumb_func
  55              		.type	ClockSetup, %function
ARM GAS  C:\Users\DADSPC~1\AppData\Local\Temp\ccNN0ilo.s 			page 6


  56              	ClockSetup:
  57              	.LFB4:
 171:Generated_Source\PSoC4/cyfitter_cfg.c **** 
  58              		.loc 1 171 0
  59              		.cfi_startproc
  60              		@ args = 0, pretend = 0, frame = 0
  61              		@ frame_needed = 0, uses_anonymous_args = 0
  62 0000 70B5     		push	{r4, r5, r6, lr}
  63              		.cfi_def_cfa_offset 16
  64              		.cfi_offset 4, -16
  65              		.cfi_offset 5, -12
  66              		.cfi_offset 6, -8
  67              		.cfi_offset 14, -4
 174:Generated_Source\PSoC4/cyfitter_cfg.c **** 	/* Update IMO to new clock speed. */
  68              		.loc 1 174 0
  69 0002 1A4C     		ldr	r4, .L5
  70 0004 1223     		movs	r3, #18
  71 0006 2360     		str	r3, [r4]
 176:Generated_Source\PSoC4/cyfitter_cfg.c **** 
  72              		.loc 1 176 0
  73 0008 1820     		movs	r0, #24
  74 000a FFF7FEFF 		bl	CySysClkWriteImoFreq
  75              	.LVL0:
 179:Generated_Source\PSoC4/cyfitter_cfg.c **** 	CY_SET_REG32((void *)CYREG_PERI_DIV_CMD, 0x8000FF42u);
  76              		.loc 1 179 0
  77 000e 8022     		movs	r2, #128
  78 0010 5201     		lsls	r2, r2, #5
  79 0012 174B     		ldr	r3, .L5+4
  80 0014 1A60     		str	r2, [r3]
 180:Generated_Source\PSoC4/cyfitter_cfg.c **** 	CY_SET_REG32((void *)CYREG_PERI_DIV_16_CTL0, 0x00000100u);
  81              		.loc 1 180 0
  82 0016 174B     		ldr	r3, .L5+8
  83 0018 174A     		ldr	r2, .L5+12
  84 001a 1A60     		str	r2, [r3]
 181:Generated_Source\PSoC4/cyfitter_cfg.c **** 	CY_SET_REG32((void *)CYREG_PERI_DIV_CMD, 0x8000FF40u);
  85              		.loc 1 181 0
  86 001c 8021     		movs	r1, #128
  87 001e 4900     		lsls	r1, r1, #1
  88 0020 164A     		ldr	r2, .L5+16
  89 0022 1160     		str	r1, [r2]
 182:Generated_Source\PSoC4/cyfitter_cfg.c **** 	CY_SET_REG32((void *)CYREG_PERI_DIV_16_CTL1, 0x00000E00u);
  90              		.loc 1 182 0
  91 0024 164A     		ldr	r2, .L5+20
  92 0026 1A60     		str	r2, [r3]
 183:Generated_Source\PSoC4/cyfitter_cfg.c **** 	CY_SET_REG32((void *)CYREG_PERI_DIV_CMD, 0x8000FF41u);
  93              		.loc 1 183 0
  94 0028 E021     		movs	r1, #224
  95 002a 0901     		lsls	r1, r1, #4
  96 002c 154A     		ldr	r2, .L5+24
  97 002e 1160     		str	r1, [r2]
 184:Generated_Source\PSoC4/cyfitter_cfg.c **** 
  98              		.loc 1 184 0
  99 0030 154A     		ldr	r2, .L5+28
 100 0032 1A60     		str	r2, [r3]
 187:Generated_Source\PSoC4/cyfitter_cfg.c **** 
 101              		.loc 1 187 0
 102 0034 0025     		movs	r5, #0
ARM GAS  C:\Users\DADSPC~1\AppData\Local\Temp\ccNN0ilo.s 			page 7


 103 0036 154B     		ldr	r3, .L5+32
 104 0038 1D60     		str	r5, [r3]
 190:Generated_Source\PSoC4/cyfitter_cfg.c **** 
 105              		.loc 1 190 0
 106 003a 4222     		movs	r2, #66
 107 003c 144B     		ldr	r3, .L5+36
 108 003e 1A60     		str	r2, [r3]
 193:Generated_Source\PSoC4/cyfitter_cfg.c **** 
 109              		.loc 1 193 0
 110 0040 023A     		subs	r2, r2, #2
 111 0042 144B     		ldr	r3, .L5+40
 112 0044 1A60     		str	r2, [r3]
 196:Generated_Source\PSoC4/cyfitter_cfg.c **** 
 113              		.loc 1 196 0
 114 0046 0132     		adds	r2, r2, #1
 115 0048 134B     		ldr	r3, .L5+44
 116 004a 1A60     		str	r2, [r3]
 198:Generated_Source\PSoC4/cyfitter_cfg.c **** 	CyIntEnable(13u);
 117              		.loc 1 198 0
 118 004c 1349     		ldr	r1, .L5+48
 119 004e 0D20     		movs	r0, #13
 120 0050 FFF7FEFF 		bl	CyIntSetVector
 121              	.LVL1:
 199:Generated_Source\PSoC4/cyfitter_cfg.c **** 	CY_SET_REG32((void *)(CYREG_WCO_WDT_CONFIG), 0x00000000u);
 122              		.loc 1 199 0
 123 0054 0D20     		movs	r0, #13
 124 0056 FFF7FEFF 		bl	CyIntEnable
 125              	.LVL2:
 200:Generated_Source\PSoC4/cyfitter_cfg.c **** 	CySysClkSetTimerSource(CY_SYS_CLK_TIMER_SRC_ILO);
 126              		.loc 1 200 0
 127 005a 114B     		ldr	r3, .L5+52
 128 005c 1D60     		str	r5, [r3]
 201:Generated_Source\PSoC4/cyfitter_cfg.c **** 	/* Set Flash Cycles based on newly configured 24.00MHz HFCLK. */
 129              		.loc 1 201 0
 130 005e 0020     		movs	r0, #0
 131 0060 FFF7FEFF 		bl	CySysClkSetTimerSource
 132              	.LVL3:
 203:Generated_Source\PSoC4/cyfitter_cfg.c **** }
 133              		.loc 1 203 0
 134 0064 1123     		movs	r3, #17
 135 0066 2360     		str	r3, [r4]
 204:Generated_Source\PSoC4/cyfitter_cfg.c **** 
 136              		.loc 1 204 0
 137              		@ sp needed
 138 0068 70BD     		pop	{r4, r5, r6, pc}
 139              	.L6:
 140 006a C046     		.align	2
 141              	.L5:
 142 006c 30001040 		.word	1074790448
 143 0070 08030140 		.word	1073808136
 144 0074 00000140 		.word	1073807360
 145 0078 42FF0080 		.word	-2147418302
 146 007c 00030140 		.word	1073808128
 147 0080 40FF0080 		.word	-2147418304
 148 0084 04030140 		.word	1073808132
 149 0088 41FF0080 		.word	-2147418303
 150 008c 28000340 		.word	1073938472
ARM GAS  C:\Users\DADSPC~1\AppData\Local\Temp\ccNN0ilo.s 			page 8


 151 0090 08010140 		.word	1073807624
 152 0094 04010140 		.word	1073807620
 153 0098 00010140 		.word	1073807616
 154 009c 00000000 		.word	CySysTimerIsr
 155 00a0 0C022240 		.word	1075970572
 156              		.cfi_endproc
 157              	.LFE4:
 158              		.size	ClockSetup, .-ClockSetup
 159              		.align	2
 160              		.global	cyfitter_cfg
 161              		.code	16
 162              		.thumb_func
 163              		.type	cyfitter_cfg, %function
 164              	cyfitter_cfg:
 165              	.LFB6:
 231:Generated_Source\PSoC4/cyfitter_cfg.c **** 
 232:Generated_Source\PSoC4/cyfitter_cfg.c **** 
 233:Generated_Source\PSoC4/cyfitter_cfg.c **** 
 234:Generated_Source\PSoC4/cyfitter_cfg.c **** 
 235:Generated_Source\PSoC4/cyfitter_cfg.c **** /*******************************************************************************
 236:Generated_Source\PSoC4/cyfitter_cfg.c **** * Function Name: cyfitter_cfg
 237:Generated_Source\PSoC4/cyfitter_cfg.c **** ********************************************************************************
 238:Generated_Source\PSoC4/cyfitter_cfg.c **** * Summary:
 239:Generated_Source\PSoC4/cyfitter_cfg.c **** *  This function is called by the start-up code for the selected device. It
 240:Generated_Source\PSoC4/cyfitter_cfg.c **** *  performs all of the necessary device configuration based on the design
 241:Generated_Source\PSoC4/cyfitter_cfg.c **** *  settings.  This includes settings from the Design Wide Resources (DWR) such
 242:Generated_Source\PSoC4/cyfitter_cfg.c **** *  as Clocks and Pins as well as any component configuration that is necessary.
 243:Generated_Source\PSoC4/cyfitter_cfg.c **** *
 244:Generated_Source\PSoC4/cyfitter_cfg.c **** * Parameters:
 245:Generated_Source\PSoC4/cyfitter_cfg.c **** *   void
 246:Generated_Source\PSoC4/cyfitter_cfg.c **** *
 247:Generated_Source\PSoC4/cyfitter_cfg.c **** * Return:
 248:Generated_Source\PSoC4/cyfitter_cfg.c **** *   void
 249:Generated_Source\PSoC4/cyfitter_cfg.c **** *
 250:Generated_Source\PSoC4/cyfitter_cfg.c **** *******************************************************************************/
 251:Generated_Source\PSoC4/cyfitter_cfg.c **** CY_CFG_SECTION
 252:Generated_Source\PSoC4/cyfitter_cfg.c **** void cyfitter_cfg(void)
 253:Generated_Source\PSoC4/cyfitter_cfg.c **** {
 166              		.loc 1 253 0
 167              		.cfi_startproc
 168              		@ args = 0, pretend = 0, frame = 0
 169              		@ frame_needed = 0, uses_anonymous_args = 0
 170 00a4 10B5     		push	{r4, lr}
 171              		.cfi_def_cfa_offset 8
 172              		.cfi_offset 4, -8
 173              		.cfi_offset 14, -4
 254:Generated_Source\PSoC4/cyfitter_cfg.c **** 	/* Disable interrupts by default. Let user enable if/when they want. */
 255:Generated_Source\PSoC4/cyfitter_cfg.c **** 	CyGlobalIntDisable;
 174              		.loc 1 255 0
 175              		.syntax divided
 176              	@ 255 "Generated_Source\PSoC4\cyfitter_cfg.c" 1
 177 00a6 72B6     		CPSID   i
 178              	@ 0 "" 2
 256:Generated_Source\PSoC4/cyfitter_cfg.c **** 
 257:Generated_Source\PSoC4/cyfitter_cfg.c **** 	{
 258:Generated_Source\PSoC4/cyfitter_cfg.c **** 		/* HSIOM Starting address: CYDEV_HSIOM_BASE */
 259:Generated_Source\PSoC4/cyfitter_cfg.c **** 		CY_SET_REG32((void *)(CYDEV_HSIOM_BASE), 0xFFBF0000u);
ARM GAS  C:\Users\DADSPC~1\AppData\Local\Temp\ccNN0ilo.s 			page 9


 179              		.loc 1 259 0
 180              		.thumb
 181              		.syntax unified
 182 00a8 164A     		ldr	r2, .L8
 183 00aa 174B     		ldr	r3, .L8+4
 184 00ac 1A60     		str	r2, [r3]
 260:Generated_Source\PSoC4/cyfitter_cfg.c **** 		CY_SET_REG32((void *)(CYREG_HSIOM_PORT_SEL1), 0x000000EEu);
 185              		.loc 1 260 0
 186 00ae EE22     		movs	r2, #238
 187 00b0 164B     		ldr	r3, .L8+8
 188 00b2 1A60     		str	r2, [r3]
 261:Generated_Source\PSoC4/cyfitter_cfg.c **** 		CY_SET_REG32((void *)(CYREG_HSIOM_PORT_SEL2), 0x00FF0000u);
 189              		.loc 1 261 0
 190 00b4 FF22     		movs	r2, #255
 191 00b6 1204     		lsls	r2, r2, #16
 192 00b8 154B     		ldr	r3, .L8+12
 193 00ba 1A60     		str	r2, [r3]
 262:Generated_Source\PSoC4/cyfitter_cfg.c **** 		CY_SET_REG32((void *)(CYREG_HSIOM_PORT_SEL3), 0x0000EE00u);
 194              		.loc 1 262 0
 195 00bc EE22     		movs	r2, #238
 196 00be 1202     		lsls	r2, r2, #8
 197 00c0 144B     		ldr	r3, .L8+16
 198 00c2 1A60     		str	r2, [r3]
 263:Generated_Source\PSoC4/cyfitter_cfg.c **** 
 264:Generated_Source\PSoC4/cyfitter_cfg.c **** 	}
 265:Generated_Source\PSoC4/cyfitter_cfg.c **** 
 266:Generated_Source\PSoC4/cyfitter_cfg.c **** 	/* Perform second pass device configuration. These items must be configured in specific order afte
 267:Generated_Source\PSoC4/cyfitter_cfg.c **** 	/* IOPINS0_0 Starting address: CYDEV_GPIO_PRT0_BASE */
 268:Generated_Source\PSoC4/cyfitter_cfg.c **** 	CY_SET_REG32((void *)(CYDEV_GPIO_PRT0_BASE), 0x000000F0u);
 199              		.loc 1 268 0
 200 00c4 F023     		movs	r3, #240
 201 00c6 144A     		ldr	r2, .L8+20
 202 00c8 1360     		str	r3, [r2]
 269:Generated_Source\PSoC4/cyfitter_cfg.c **** 	CY_SET_REG32((void *)(CYREG_GPIO_PRT0_PC), 0x00DB6000u);
 203              		.loc 1 269 0
 204 00ca 1449     		ldr	r1, .L8+24
 205 00cc 144A     		ldr	r2, .L8+28
 206 00ce 1160     		str	r1, [r2]
 270:Generated_Source\PSoC4/cyfitter_cfg.c **** 	CY_SET_REG32((void *)(CYREG_GPIO_PRT0_PC2), 0x000000F0u);
 207              		.loc 1 270 0
 208 00d0 144A     		ldr	r2, .L8+32
 209 00d2 1360     		str	r3, [r2]
 271:Generated_Source\PSoC4/cyfitter_cfg.c **** 
 272:Generated_Source\PSoC4/cyfitter_cfg.c **** 	/* IOPINS0_1 Starting address: CYDEV_GPIO_PRT1_BASE */
 273:Generated_Source\PSoC4/cyfitter_cfg.c **** 	CY_SET_REG32((void *)(CYDEV_GPIO_PRT1_BASE), 0x00000003u);
 210              		.loc 1 273 0
 211 00d4 0322     		movs	r2, #3
 212 00d6 144B     		ldr	r3, .L8+36
 213 00d8 1A60     		str	r2, [r3]
 274:Generated_Source\PSoC4/cyfitter_cfg.c **** 	CY_SET_REG32((void *)(CYREG_GPIO_PRT1_PC), 0x00000024u);
 214              		.loc 1 274 0
 215 00da 2132     		adds	r2, r2, #33
 216 00dc 134B     		ldr	r3, .L8+40
 217 00de 1A60     		str	r2, [r3]
 275:Generated_Source\PSoC4/cyfitter_cfg.c **** 
 276:Generated_Source\PSoC4/cyfitter_cfg.c **** 	/* IOPINS0_2 Starting address: CYDEV_GPIO_PRT2_BASE */
 277:Generated_Source\PSoC4/cyfitter_cfg.c **** 	CY_SET_REG32((void *)(CYDEV_GPIO_PRT2_BASE), 0x00000030u);
ARM GAS  C:\Users\DADSPC~1\AppData\Local\Temp\ccNN0ilo.s 			page 10


 218              		.loc 1 277 0
 219 00e0 3023     		movs	r3, #48
 220 00e2 134A     		ldr	r2, .L8+44
 221 00e4 1360     		str	r3, [r2]
 278:Generated_Source\PSoC4/cyfitter_cfg.c **** 	CY_SET_REG32((void *)(CYREG_GPIO_PRT2_PC), 0x000361B6u);
 222              		.loc 1 278 0
 223 00e6 1349     		ldr	r1, .L8+48
 224 00e8 134A     		ldr	r2, .L8+52
 225 00ea 1160     		str	r1, [r2]
 279:Generated_Source\PSoC4/cyfitter_cfg.c **** 	CY_SET_REG32((void *)(CYREG_GPIO_PRT2_PC2), 0x00000030u);
 226              		.loc 1 279 0
 227 00ec 134A     		ldr	r2, .L8+56
 228 00ee 1360     		str	r3, [r2]
 280:Generated_Source\PSoC4/cyfitter_cfg.c **** 
 281:Generated_Source\PSoC4/cyfitter_cfg.c **** 	/* IOPINS0_3 Starting address: CYDEV_GPIO_PRT3_BASE */
 282:Generated_Source\PSoC4/cyfitter_cfg.c **** 	CY_SET_REG32((void *)(CYREG_GPIO_PRT3_PC), 0x00000D80u);
 229              		.loc 1 282 0
 230 00f0 D822     		movs	r2, #216
 231 00f2 1201     		lsls	r2, r2, #4
 232 00f4 124B     		ldr	r3, .L8+60
 233 00f6 1A60     		str	r2, [r3]
 283:Generated_Source\PSoC4/cyfitter_cfg.c **** 
 284:Generated_Source\PSoC4/cyfitter_cfg.c **** 
 285:Generated_Source\PSoC4/cyfitter_cfg.c **** 	/* Setup clocks based on selections from Clock DWR */
 286:Generated_Source\PSoC4/cyfitter_cfg.c **** 	ClockSetup();
 234              		.loc 1 286 0
 235 00f8 FFF782FF 		bl	ClockSetup
 236              	.LVL4:
 287:Generated_Source\PSoC4/cyfitter_cfg.c **** 
 288:Generated_Source\PSoC4/cyfitter_cfg.c **** 	/* Perform basic analog initialization to defaults */
 289:Generated_Source\PSoC4/cyfitter_cfg.c **** 	AnalogSetDefault();
 237              		.loc 1 289 0
 238 00fc FFF7FEFF 		bl	AnalogSetDefault
 239              	.LVL5:
 290:Generated_Source\PSoC4/cyfitter_cfg.c **** 
 291:Generated_Source\PSoC4/cyfitter_cfg.c **** }
 240              		.loc 1 291 0
 241              		@ sp needed
 242 0100 10BD     		pop	{r4, pc}
 243              	.L9:
 244 0102 C046     		.align	2
 245              	.L8:
 246 0104 0000BFFF 		.word	-4259840
 247 0108 00000240 		.word	1073872896
 248 010c 00010240 		.word	1073873152
 249 0110 00020240 		.word	1073873408
 250 0114 00030240 		.word	1073873664
 251 0118 00000440 		.word	1074003968
 252 011c 0060DB00 		.word	14376960
 253 0120 08000440 		.word	1074003976
 254 0124 18000440 		.word	1074003992
 255 0128 00010440 		.word	1074004224
 256 012c 08010440 		.word	1074004232
 257 0130 00020440 		.word	1074004480
 258 0134 B6610300 		.word	221622
 259 0138 08020440 		.word	1074004488
 260 013c 18020440 		.word	1074004504
ARM GAS  C:\Users\DADSPC~1\AppData\Local\Temp\ccNN0ilo.s 			page 11


 261 0140 08030440 		.word	1074004744
 262              		.cfi_endproc
 263              	.LFE6:
 264              		.size	cyfitter_cfg, .-cyfitter_cfg
 265              		.text
 266              	.Letext0:
 267              		.file 2 "Generated_Source\\PSoC4\\cytypes.h"
 268              		.file 3 "Generated_Source\\PSoC4\\CyLib.h"
 269              		.file 4 "Generated_Source\\PSoC4\\CyLFClk.h"
 270              		.section	.debug_info,"",%progbits
 271              	.Ldebug_info0:
 272 0000 6C010000 		.4byte	0x16c
 273 0004 0400     		.2byte	0x4
 274 0006 00000000 		.4byte	.Ldebug_abbrev0
 275 000a 04       		.byte	0x4
 276 000b 01       		.uleb128 0x1
 277 000c 96010000 		.4byte	.LASF20
 278 0010 0C       		.byte	0xc
 279 0011 15000000 		.4byte	.LASF21
 280 0015 BB000000 		.4byte	.LASF22
 281 0019 00000000 		.4byte	.Ldebug_ranges0+0
 282 001d 00000000 		.4byte	0
 283 0021 00000000 		.4byte	.Ldebug_line0
 284 0025 02       		.uleb128 0x2
 285 0026 04       		.byte	0x4
 286 0027 05       		.byte	0x5
 287 0028 696E7400 		.ascii	"int\000"
 288 002c 03       		.uleb128 0x3
 289 002d 04       		.byte	0x4
 290 002e 07       		.byte	0x7
 291 002f 3B000000 		.4byte	.LASF0
 292 0033 03       		.uleb128 0x3
 293 0034 08       		.byte	0x8
 294 0035 05       		.byte	0x5
 295 0036 00000000 		.4byte	.LASF1
 296 003a 03       		.uleb128 0x3
 297 003b 08       		.byte	0x8
 298 003c 04       		.byte	0x4
 299 003d 80010000 		.4byte	.LASF2
 300 0041 03       		.uleb128 0x3
 301 0042 01       		.byte	0x1
 302 0043 06       		.byte	0x6
 303 0044 68010000 		.4byte	.LASF3
 304 0048 03       		.uleb128 0x3
 305 0049 01       		.byte	0x1
 306 004a 08       		.byte	0x8
 307 004b 48000000 		.4byte	.LASF4
 308 004f 03       		.uleb128 0x3
 309 0050 02       		.byte	0x2
 310 0051 05       		.byte	0x5
 311 0052 8C010000 		.4byte	.LASF5
 312 0056 03       		.uleb128 0x3
 313 0057 02       		.byte	0x2
 314 0058 07       		.byte	0x7
 315 0059 55010000 		.4byte	.LASF6
 316 005d 03       		.uleb128 0x3
 317 005e 04       		.byte	0x4
ARM GAS  C:\Users\DADSPC~1\AppData\Local\Temp\ccNN0ilo.s 			page 12


 318 005f 05       		.byte	0x5
 319 0060 0C010000 		.4byte	.LASF7
 320 0064 03       		.uleb128 0x3
 321 0065 04       		.byte	0x4
 322 0066 07       		.byte	0x7
 323 0067 6B000000 		.4byte	.LASF8
 324 006b 03       		.uleb128 0x3
 325 006c 08       		.byte	0x8
 326 006d 07       		.byte	0x7
 327 006e 8A000000 		.4byte	.LASF9
 328 0072 03       		.uleb128 0x3
 329 0073 04       		.byte	0x4
 330 0074 07       		.byte	0x7
 331 0075 28020000 		.4byte	.LASF10
 332 0079 03       		.uleb128 0x3
 333 007a 01       		.byte	0x1
 334 007b 08       		.byte	0x8
 335 007c A7000000 		.4byte	.LASF11
 336 0080 04       		.uleb128 0x4
 337 0081 0E000000 		.4byte	.LASF14
 338 0085 02       		.byte	0x2
 339 0086 FD01     		.2byte	0x1fd
 340 0088 64000000 		.4byte	0x64
 341 008c 03       		.uleb128 0x3
 342 008d 04       		.byte	0x4
 343 008e 04       		.byte	0x4
 344 008f A1000000 		.4byte	.LASF12
 345 0093 03       		.uleb128 0x3
 346 0094 08       		.byte	0x8
 347 0095 04       		.byte	0x4
 348 0096 48010000 		.4byte	.LASF13
 349 009a 04       		.uleb128 0x4
 350 009b 4F010000 		.4byte	.LASF15
 351 009f 02       		.byte	0x2
 352 00a0 A702     		.2byte	0x2a7
 353 00a2 A6000000 		.4byte	0xa6
 354 00a6 05       		.uleb128 0x5
 355 00a7 80000000 		.4byte	0x80
 356 00ab 06       		.uleb128 0x6
 357 00ac 15010000 		.4byte	.LASF23
 358 00b0 01       		.byte	0x1
 359 00b1 E2       		.byte	0xe2
 360 00b2 00000000 		.4byte	.LFB5
 361 00b6 18000000 		.4byte	.LFE5-.LFB5
 362 00ba 01       		.uleb128 0x1
 363 00bb 9C       		.byte	0x9c
 364 00bc 07       		.uleb128 0x7
 365 00bd 26010000 		.4byte	.LASF24
 366 00c1 01       		.byte	0x1
 367 00c2 AA       		.byte	0xaa
 368 00c3 00000000 		.4byte	.LFB4
 369 00c7 A4000000 		.4byte	.LFE4-.LFB4
 370 00cb 01       		.uleb128 0x1
 371 00cc 9C       		.byte	0x9c
 372 00cd 1B010000 		.4byte	0x11b
 373 00d1 08       		.uleb128 0x8
 374 00d2 0E000000 		.4byte	.LVL0
ARM GAS  C:\Users\DADSPC~1\AppData\Local\Temp\ccNN0ilo.s 			page 13


 375 00d6 43010000 		.4byte	0x143
 376 00da E4000000 		.4byte	0xe4
 377 00de 09       		.uleb128 0x9
 378 00df 01       		.uleb128 0x1
 379 00e0 50       		.byte	0x50
 380 00e1 01       		.uleb128 0x1
 381 00e2 48       		.byte	0x48
 382 00e3 00       		.byte	0
 383 00e4 08       		.uleb128 0x8
 384 00e5 54000000 		.4byte	.LVL1
 385 00e9 4E010000 		.4byte	0x14e
 386 00ed F7000000 		.4byte	0xf7
 387 00f1 09       		.uleb128 0x9
 388 00f2 01       		.uleb128 0x1
 389 00f3 50       		.byte	0x50
 390 00f4 01       		.uleb128 0x1
 391 00f5 3D       		.byte	0x3d
 392 00f6 00       		.byte	0
 393 00f7 08       		.uleb128 0x8
 394 00f8 5A000000 		.4byte	.LVL2
 395 00fc 59010000 		.4byte	0x159
 396 0100 0A010000 		.4byte	0x10a
 397 0104 09       		.uleb128 0x9
 398 0105 01       		.uleb128 0x1
 399 0106 50       		.byte	0x50
 400 0107 01       		.uleb128 0x1
 401 0108 3D       		.byte	0x3d
 402 0109 00       		.byte	0
 403 010a 0A       		.uleb128 0xa
 404 010b 64000000 		.4byte	.LVL3
 405 010f 64010000 		.4byte	0x164
 406 0113 09       		.uleb128 0x9
 407 0114 01       		.uleb128 0x1
 408 0115 50       		.byte	0x50
 409 0116 02       		.uleb128 0x2
 410 0117 75       		.byte	0x75
 411 0118 00       		.sleb128 0
 412 0119 00       		.byte	0
 413 011a 00       		.byte	0
 414 011b 0B       		.uleb128 0xb
 415 011c 7D000000 		.4byte	.LASF25
 416 0120 01       		.byte	0x1
 417 0121 FC       		.byte	0xfc
 418 0122 A4000000 		.4byte	.LFB6
 419 0126 A0000000 		.4byte	.LFE6-.LFB6
 420 012a 01       		.uleb128 0x1
 421 012b 9C       		.byte	0x9c
 422 012c 43010000 		.4byte	0x143
 423 0130 0C       		.uleb128 0xc
 424 0131 FC000000 		.4byte	.LVL4
 425 0135 BC000000 		.4byte	0xbc
 426 0139 0C       		.uleb128 0xc
 427 013a 00010000 		.4byte	.LVL5
 428 013e AB000000 		.4byte	0xab
 429 0142 00       		.byte	0
 430 0143 0D       		.uleb128 0xd
 431 0144 56000000 		.4byte	.LASF16
ARM GAS  C:\Users\DADSPC~1\AppData\Local\Temp\ccNN0ilo.s 			page 14


 432 0148 56000000 		.4byte	.LASF16
 433 014c 03       		.byte	0x3
 434 014d 6C       		.byte	0x6c
 435 014e 0D       		.uleb128 0xd
 436 014f AC000000 		.4byte	.LASF17
 437 0153 AC000000 		.4byte	.LASF17
 438 0157 03       		.byte	0x3
 439 0158 D0       		.byte	0xd0
 440 0159 0D       		.uleb128 0xd
 441 015a 74010000 		.4byte	.LASF18
 442 015e 74010000 		.4byte	.LASF18
 443 0162 03       		.byte	0x3
 444 0163 D6       		.byte	0xd6
 445 0164 0D       		.uleb128 0xd
 446 0165 31010000 		.4byte	.LASF19
 447 0169 31010000 		.4byte	.LASF19
 448 016d 04       		.byte	0x4
 449 016e 9F       		.byte	0x9f
 450 016f 00       		.byte	0
 451              		.section	.debug_abbrev,"",%progbits
 452              	.Ldebug_abbrev0:
 453 0000 01       		.uleb128 0x1
 454 0001 11       		.uleb128 0x11
 455 0002 01       		.byte	0x1
 456 0003 25       		.uleb128 0x25
 457 0004 0E       		.uleb128 0xe
 458 0005 13       		.uleb128 0x13
 459 0006 0B       		.uleb128 0xb
 460 0007 03       		.uleb128 0x3
 461 0008 0E       		.uleb128 0xe
 462 0009 1B       		.uleb128 0x1b
 463 000a 0E       		.uleb128 0xe
 464 000b 55       		.uleb128 0x55
 465 000c 17       		.uleb128 0x17
 466 000d 11       		.uleb128 0x11
 467 000e 01       		.uleb128 0x1
 468 000f 10       		.uleb128 0x10
 469 0010 17       		.uleb128 0x17
 470 0011 00       		.byte	0
 471 0012 00       		.byte	0
 472 0013 02       		.uleb128 0x2
 473 0014 24       		.uleb128 0x24
 474 0015 00       		.byte	0
 475 0016 0B       		.uleb128 0xb
 476 0017 0B       		.uleb128 0xb
 477 0018 3E       		.uleb128 0x3e
 478 0019 0B       		.uleb128 0xb
 479 001a 03       		.uleb128 0x3
 480 001b 08       		.uleb128 0x8
 481 001c 00       		.byte	0
 482 001d 00       		.byte	0
 483 001e 03       		.uleb128 0x3
 484 001f 24       		.uleb128 0x24
 485 0020 00       		.byte	0
 486 0021 0B       		.uleb128 0xb
 487 0022 0B       		.uleb128 0xb
 488 0023 3E       		.uleb128 0x3e
ARM GAS  C:\Users\DADSPC~1\AppData\Local\Temp\ccNN0ilo.s 			page 15


 489 0024 0B       		.uleb128 0xb
 490 0025 03       		.uleb128 0x3
 491 0026 0E       		.uleb128 0xe
 492 0027 00       		.byte	0
 493 0028 00       		.byte	0
 494 0029 04       		.uleb128 0x4
 495 002a 16       		.uleb128 0x16
 496 002b 00       		.byte	0
 497 002c 03       		.uleb128 0x3
 498 002d 0E       		.uleb128 0xe
 499 002e 3A       		.uleb128 0x3a
 500 002f 0B       		.uleb128 0xb
 501 0030 3B       		.uleb128 0x3b
 502 0031 05       		.uleb128 0x5
 503 0032 49       		.uleb128 0x49
 504 0033 13       		.uleb128 0x13
 505 0034 00       		.byte	0
 506 0035 00       		.byte	0
 507 0036 05       		.uleb128 0x5
 508 0037 35       		.uleb128 0x35
 509 0038 00       		.byte	0
 510 0039 49       		.uleb128 0x49
 511 003a 13       		.uleb128 0x13
 512 003b 00       		.byte	0
 513 003c 00       		.byte	0
 514 003d 06       		.uleb128 0x6
 515 003e 2E       		.uleb128 0x2e
 516 003f 00       		.byte	0
 517 0040 03       		.uleb128 0x3
 518 0041 0E       		.uleb128 0xe
 519 0042 3A       		.uleb128 0x3a
 520 0043 0B       		.uleb128 0xb
 521 0044 3B       		.uleb128 0x3b
 522 0045 0B       		.uleb128 0xb
 523 0046 27       		.uleb128 0x27
 524 0047 19       		.uleb128 0x19
 525 0048 11       		.uleb128 0x11
 526 0049 01       		.uleb128 0x1
 527 004a 12       		.uleb128 0x12
 528 004b 06       		.uleb128 0x6
 529 004c 40       		.uleb128 0x40
 530 004d 18       		.uleb128 0x18
 531 004e 9742     		.uleb128 0x2117
 532 0050 19       		.uleb128 0x19
 533 0051 00       		.byte	0
 534 0052 00       		.byte	0
 535 0053 07       		.uleb128 0x7
 536 0054 2E       		.uleb128 0x2e
 537 0055 01       		.byte	0x1
 538 0056 03       		.uleb128 0x3
 539 0057 0E       		.uleb128 0xe
 540 0058 3A       		.uleb128 0x3a
 541 0059 0B       		.uleb128 0xb
 542 005a 3B       		.uleb128 0x3b
 543 005b 0B       		.uleb128 0xb
 544 005c 27       		.uleb128 0x27
 545 005d 19       		.uleb128 0x19
ARM GAS  C:\Users\DADSPC~1\AppData\Local\Temp\ccNN0ilo.s 			page 16


 546 005e 11       		.uleb128 0x11
 547 005f 01       		.uleb128 0x1
 548 0060 12       		.uleb128 0x12
 549 0061 06       		.uleb128 0x6
 550 0062 40       		.uleb128 0x40
 551 0063 18       		.uleb128 0x18
 552 0064 9742     		.uleb128 0x2117
 553 0066 19       		.uleb128 0x19
 554 0067 01       		.uleb128 0x1
 555 0068 13       		.uleb128 0x13
 556 0069 00       		.byte	0
 557 006a 00       		.byte	0
 558 006b 08       		.uleb128 0x8
 559 006c 898201   		.uleb128 0x4109
 560 006f 01       		.byte	0x1
 561 0070 11       		.uleb128 0x11
 562 0071 01       		.uleb128 0x1
 563 0072 31       		.uleb128 0x31
 564 0073 13       		.uleb128 0x13
 565 0074 01       		.uleb128 0x1
 566 0075 13       		.uleb128 0x13
 567 0076 00       		.byte	0
 568 0077 00       		.byte	0
 569 0078 09       		.uleb128 0x9
 570 0079 8A8201   		.uleb128 0x410a
 571 007c 00       		.byte	0
 572 007d 02       		.uleb128 0x2
 573 007e 18       		.uleb128 0x18
 574 007f 9142     		.uleb128 0x2111
 575 0081 18       		.uleb128 0x18
 576 0082 00       		.byte	0
 577 0083 00       		.byte	0
 578 0084 0A       		.uleb128 0xa
 579 0085 898201   		.uleb128 0x4109
 580 0088 01       		.byte	0x1
 581 0089 11       		.uleb128 0x11
 582 008a 01       		.uleb128 0x1
 583 008b 31       		.uleb128 0x31
 584 008c 13       		.uleb128 0x13
 585 008d 00       		.byte	0
 586 008e 00       		.byte	0
 587 008f 0B       		.uleb128 0xb
 588 0090 2E       		.uleb128 0x2e
 589 0091 01       		.byte	0x1
 590 0092 3F       		.uleb128 0x3f
 591 0093 19       		.uleb128 0x19
 592 0094 03       		.uleb128 0x3
 593 0095 0E       		.uleb128 0xe
 594 0096 3A       		.uleb128 0x3a
 595 0097 0B       		.uleb128 0xb
 596 0098 3B       		.uleb128 0x3b
 597 0099 0B       		.uleb128 0xb
 598 009a 27       		.uleb128 0x27
 599 009b 19       		.uleb128 0x19
 600 009c 11       		.uleb128 0x11
 601 009d 01       		.uleb128 0x1
 602 009e 12       		.uleb128 0x12
ARM GAS  C:\Users\DADSPC~1\AppData\Local\Temp\ccNN0ilo.s 			page 17


 603 009f 06       		.uleb128 0x6
 604 00a0 40       		.uleb128 0x40
 605 00a1 18       		.uleb128 0x18
 606 00a2 9742     		.uleb128 0x2117
 607 00a4 19       		.uleb128 0x19
 608 00a5 01       		.uleb128 0x1
 609 00a6 13       		.uleb128 0x13
 610 00a7 00       		.byte	0
 611 00a8 00       		.byte	0
 612 00a9 0C       		.uleb128 0xc
 613 00aa 898201   		.uleb128 0x4109
 614 00ad 00       		.byte	0
 615 00ae 11       		.uleb128 0x11
 616 00af 01       		.uleb128 0x1
 617 00b0 31       		.uleb128 0x31
 618 00b1 13       		.uleb128 0x13
 619 00b2 00       		.byte	0
 620 00b3 00       		.byte	0
 621 00b4 0D       		.uleb128 0xd
 622 00b5 2E       		.uleb128 0x2e
 623 00b6 00       		.byte	0
 624 00b7 3F       		.uleb128 0x3f
 625 00b8 19       		.uleb128 0x19
 626 00b9 3C       		.uleb128 0x3c
 627 00ba 19       		.uleb128 0x19
 628 00bb 6E       		.uleb128 0x6e
 629 00bc 0E       		.uleb128 0xe
 630 00bd 03       		.uleb128 0x3
 631 00be 0E       		.uleb128 0xe
 632 00bf 3A       		.uleb128 0x3a
 633 00c0 0B       		.uleb128 0xb
 634 00c1 3B       		.uleb128 0x3b
 635 00c2 0B       		.uleb128 0xb
 636 00c3 00       		.byte	0
 637 00c4 00       		.byte	0
 638 00c5 00       		.byte	0
 639              		.section	.debug_aranges,"",%progbits
 640 0000 2C000000 		.4byte	0x2c
 641 0004 0200     		.2byte	0x2
 642 0006 00000000 		.4byte	.Ldebug_info0
 643 000a 04       		.byte	0x4
 644 000b 00       		.byte	0
 645 000c 0000     		.2byte	0
 646 000e 0000     		.2byte	0
 647 0010 00000000 		.4byte	.LFB5
 648 0014 18000000 		.4byte	.LFE5-.LFB5
 649 0018 00000000 		.4byte	.LFB4
 650 001c A4000000 		.4byte	.LFE4-.LFB4
 651 0020 A4000000 		.4byte	.LFB6
 652 0024 A0000000 		.4byte	.LFE6-.LFB6
 653 0028 00000000 		.4byte	0
 654 002c 00000000 		.4byte	0
 655              		.section	.debug_ranges,"",%progbits
 656              	.Ldebug_ranges0:
 657 0000 00000000 		.4byte	.LFB5
 658 0004 18000000 		.4byte	.LFE5
 659 0008 00000000 		.4byte	.LFB4
ARM GAS  C:\Users\DADSPC~1\AppData\Local\Temp\ccNN0ilo.s 			page 18


 660 000c A4000000 		.4byte	.LFE4
 661 0010 A4000000 		.4byte	.LFB6
 662 0014 44010000 		.4byte	.LFE6
 663 0018 00000000 		.4byte	0
 664 001c 00000000 		.4byte	0
 665              		.section	.debug_line,"",%progbits
 666              	.Ldebug_line0:
 667 0000 B1000000 		.section	.debug_str,"MS",%progbits,1
 667      02006100 
 667      00000201 
 667      FB0E0D00 
 667      01010101 
 668              	.LASF1:
 669 0000 6C6F6E67 		.ascii	"long long int\000"
 669      206C6F6E 
 669      6720696E 
 669      7400
 670              	.LASF14:
 671 000e 75696E74 		.ascii	"uint32\000"
 671      333200
 672              	.LASF21:
 673 0015 47656E65 		.ascii	"Generated_Source\\PSoC4\\cyfitter_cfg.c\000"
 673      72617465 
 673      645F536F 
 673      75726365 
 673      5C50536F 
 674              	.LASF0:
 675 003b 756E7369 		.ascii	"unsigned int\000"
 675      676E6564 
 675      20696E74 
 675      00
 676              	.LASF4:
 677 0048 756E7369 		.ascii	"unsigned char\000"
 677      676E6564 
 677      20636861 
 677      7200
 678              	.LASF16:
 679 0056 43795379 		.ascii	"CySysClkWriteImoFreq\000"
 679      73436C6B 
 679      57726974 
 679      65496D6F 
 679      46726571 
 680              	.LASF8:
 681 006b 6C6F6E67 		.ascii	"long unsigned int\000"
 681      20756E73 
 681      69676E65 
 681      6420696E 
 681      7400
 682              	.LASF25:
 683 007d 63796669 		.ascii	"cyfitter_cfg\000"
 683      74746572 
 683      5F636667 
 683      00
 684              	.LASF9:
 685 008a 6C6F6E67 		.ascii	"long long unsigned int\000"
 685      206C6F6E 
 685      6720756E 
ARM GAS  C:\Users\DADSPC~1\AppData\Local\Temp\ccNN0ilo.s 			page 19


 685      7369676E 
 685      65642069 
 686              	.LASF12:
 687 00a1 666C6F61 		.ascii	"float\000"
 687      7400
 688              	.LASF11:
 689 00a7 63686172 		.ascii	"char\000"
 689      00
 690              	.LASF17:
 691 00ac 4379496E 		.ascii	"CyIntSetVector\000"
 691      74536574 
 691      56656374 
 691      6F7200
 692              	.LASF22:
 693 00bb 433A5C55 		.ascii	"C:\\Users\\Dads PC\\OneDrive\\Documents\\PSoC Creat"
 693      73657273 
 693      5C446164 
 693      73205043 
 693      5C4F6E65 
 694 00e9 6F725C52 		.ascii	"or\\RP_i2c_to_SPI_v2\\Design01.cydsn\000"
 694      505F6932 
 694      635F746F 
 694      5F535049 
 694      5F76325C 
 695              	.LASF7:
 696 010c 6C6F6E67 		.ascii	"long int\000"
 696      20696E74 
 696      00
 697              	.LASF23:
 698 0115 416E616C 		.ascii	"AnalogSetDefault\000"
 698      6F675365 
 698      74446566 
 698      61756C74 
 698      00
 699              	.LASF24:
 700 0126 436C6F63 		.ascii	"ClockSetup\000"
 700      6B536574 
 700      757000
 701              	.LASF19:
 702 0131 43795379 		.ascii	"CySysClkSetTimerSource\000"
 702      73436C6B 
 702      53657454 
 702      696D6572 
 702      536F7572 
 703              	.LASF13:
 704 0148 646F7562 		.ascii	"double\000"
 704      6C6500
 705              	.LASF15:
 706 014f 72656733 		.ascii	"reg32\000"
 706      3200
 707              	.LASF6:
 708 0155 73686F72 		.ascii	"short unsigned int\000"
 708      7420756E 
 708      7369676E 
 708      65642069 
 708      6E7400
 709              	.LASF3:
ARM GAS  C:\Users\DADSPC~1\AppData\Local\Temp\ccNN0ilo.s 			page 20


 710 0168 7369676E 		.ascii	"signed char\000"
 710      65642063 
 710      68617200 
 711              	.LASF18:
 712 0174 4379496E 		.ascii	"CyIntEnable\000"
 712      74456E61 
 712      626C6500 
 713              	.LASF2:
 714 0180 6C6F6E67 		.ascii	"long double\000"
 714      20646F75 
 714      626C6500 
 715              	.LASF5:
 716 018c 73686F72 		.ascii	"short int\000"
 716      7420696E 
 716      7400
 717              	.LASF20:
 718 0196 474E5520 		.ascii	"GNU C11 5.4.1 20160609 (release) [ARM/embedded-5-br"
 718      43313120 
 718      352E342E 
 718      31203230 
 718      31363036 
 719 01c9 616E6368 		.ascii	"anch revision 237715] -mcpu=cortex-m0plus -mthumb -"
 719      20726576 
 719      6973696F 
 719      6E203233 
 719      37373135 
 720 01fc 67202D4F 		.ascii	"g -Og -ffunction-sections -ffat-lto-objects\000"
 720      67202D66 
 720      66756E63 
 720      74696F6E 
 720      2D736563 
 721              	.LASF10:
 722 0228 73697A65 		.ascii	"sizetype\000"
 722      74797065 
 722      00
 723              		.ident	"GCC: (GNU Tools for ARM Embedded Processors) 5.4.1 20160609 (release) [ARM/embedded-5-bran
